
Running 1 test using 1 worker

[1A[2K[1/1] [chromium] › e2e\invoice-creation.spec.ts:4:9 › Invoice Creation › should allow a user to create a new invoice
[1A[2K[chromium] › e2e\invoice-creation.spec.ts:4:9 › Invoice Creation › should allow a user to create a new invoice
Step 1: Go to home

[1A[2KStep 2: Click Connexion

[1A[2KClicking desktop login button

[1A[2KStep 3: Click Remplir demo

[1A[2KStep 4: Click Se connecter

[1A[2KStep 5: Wait for Dashboard URL

[1A[2KStep 6: Dashboard loaded, checking title

[1A[2KStep 7: Try to open invoice editor

[1A[2KClicking Header Nouveau

[1A[2KStep 8: Wait for form to appear

[1A[2KStep 9: Fill form

[1A[2KStep 10: Add Item

[1A[2K  1) [chromium] › e2e\invoice-creation.spec.ts:4:9 › Invoice Creation › should allow a user to create a new invoice 

    [31mTest timeout of 30000ms exceeded.[39m

    Error: locator.click: Test timeout of 30000ms exceeded.
    Call log:
    [2m  - waiting for getByRole('button', { name: 'Ajouter', exact: true })[22m


      85 |
      86 |         console.log('Step 10: Add Item');
    > 87 |         await page.getByRole('button', { name: 'Ajouter', exact: true }).click();
         |                                                                          ^
      88 |         await page.locator('input[placeholder="Description du soin"]').last().fill('Consultation Test');
      89 |         await page.locator('input[placeholder="0.00"]').last().fill('50');
      90 |
        at C:\Users\Ostiv\Downloads\Health-Invoice-app - Copy\e2e\invoice-creation.spec.ts:87:74

    Error Context: test-results\invoice-creation-Invoice-C-58362-ser-to-create-a-new-invoice-chromium\error-context.md


[1A[2K  1 failed
    [chromium] › e2e\invoice-creation.spec.ts:4:9 › Invoice Creation › should allow a user to create a new invoice 

[36m  Serving HTML report at http://localhost:50238. Press Ctrl+C to quit.[39m
Terminate batch job (Y/N)? 